// Jest Snapshot v1, https://goo.gl/fbAQLP

exports[`<Footer> component should render Header component with title prop 1`] = `
<div
  class="title"
>
  Station List
</div>
`;
